<html>
<body>
<pre>
<h1>µVision Build Log</h1>
<h2>Project:</h2>
C:\M0_Mode\Project\M0.uvproj
Project File Date:  05/23/2011

<h2>Output:</h2>
Build target 'FLASH'
assembling startup_LPC11xx.s...
compiling core_cm0.c...
compiling system_LPC11xx.c...
compiling main.c...
linking...
Program Size: Code=348 RO-data=420 RW-data=12 ZI-data=516  
FromELF: creating hex file...
".\ouput\M0.axf" - 0 Error(s), 0 Warning(s).
Build target 'RAM'
assembling startup_LPC11xx.s...
compiling core_cm0.c...
compiling system_LPC11xx.c...
compiling main.c...
linking...
Program Size: Code=576 RO-data=224 RW-data=12 ZI-data=612  
FromELF: creating hex file...
".\ouput\M0.axf" - 0 Error(s), 0 Warning(s).
