<html>
<body>
<pre>
<h1>µVision Build Log</h1>
<h2>Project:</h2>
E:\C06.04\LPC1114_EPROM\uCOSII_LPC11XX\Project\M0.uvproj
Project File Date:  08/09/2016

<h2>Output:</h2>
Build target 'FLASH'
linking...
Program Size: Code=11134 RO-data=490 RW-data=84 ZI-data=3812  
FromELF: creating hex file...
".\ouput\M0.axf" - 0 Error(s), 0 Warning(s).
Load "E:\\C06.04\\LPC1114_EPROM\\uCOSII_LPC11XX\\Project\\ouput\\M0.AXF" 
Set JLink Project File to "E:\C06.04\LPC1114_EPROM\uCOSII_LPC11XX\Project\JLinkSettings.ini"
 
JLink info:
------------
DLL: V4.40c, compiled Jan 24 2012 09:30:33
Firmware: J-Link ARM V6 compiled Jun 20 2012 19:43:26
Hardware: V6.00
S/N : 20080643 
Feature(s) : RDI,FlashDL,FlashBP,JFlash,GDBFull 
 
* JLink Info: Found SWD-DP with ID 0x0BB11477
* JLink Info:   FPUnit: 4 code (BP) slots and 0 literal slots
* JLink Info: Found Cortex-M0 r0p0, Little endian.
ROMTableAddr = 0xE00FF003
* JLink Info: Found SWD-DP with ID 0x0BB11477
* JLink Info:   FPUnit: 4 code (BP) slots and 0 literal slots
* JLink Info: Found Cortex-M0 r0p0, Little endian.
 
Target info:
------------
Device: LPC11C14/301
VTarget = 3.339V
State of Pins: 
TCK: 0, TDI: 0, TDO: 1, TMS: 0, TRES: 0, TRST: 1
Hardware-Breakpoints: 4
Software-Breakpoints: 8192
Watchpoints:          2
JTAG speed: 9600 kHz
 
Erase Done.
Programming Done.
Verify OK.
* JLink Info: Found SWD-DP with ID 0x0BB11477
* JLink Info:   FPUnit: 4 code (BP) slots and 0 literal slots
* JLink Info: Found Cortex-M0 r0p0, Little endian.
Application running ...
