ARM Linker, 4.1 [Build 644] [Standard]

==============================================================================

Section Cross References

    system_LPC11xx.o(i.SystemFrequencyUpdate) refers to system_LPC11xx.o(i.__ARM_common_switch8) for __ARM_common_switch8
    system_LPC11xx.o(i.SystemFrequencyUpdate) refers to uidiv.o(.text) for __aeabi_uidivmod
    system_LPC11xx.o(i.SystemFrequencyUpdate) refers to system_LPC11xx.o(.data) for SystemFrequency
    system_LPC11xx.o(i.SystemInit) refers to system_LPC11xx.o(i.SystemFrequencyUpdate) for SystemFrequencyUpdate
    startup_LPC11xx.o(RESET) refers to startup_LPC11xx.o(STACK) for __initial_sp
    startup_LPC11xx.o(RESET) refers to startup_LPC11xx.o(.text) for Reset_Handler
    startup_LPC11xx.o(RESET) refers to Os_cpu_c.o(.emb_text) for PendSV_Handler
    startup_LPC11xx.o(RESET) refers to Os_cpu_c.o(i.SysTick_Handler) for SysTick_Handler
    startup_LPC11xx.o(.text) refers to entry.o(.ARM.Collect$$$$00000000) for __main
    main.o(i.main) refers to system_LPC11xx.o(i.SystemInit) for SystemInit
    main.o(i.main) refers to OS_CORE.o(i.OSInit) for OSInit
    main.o(i.main) refers to OS_TASK.o(i.OSTaskCreate) for OSTaskCreate
    main.o(i.main) refers to OS_CORE.o(i.OSStart) for OSStart
    main.o(i.main) refers to main.o(.bss) for stkMainTask
    main.o(i.main) refers to main.o(i.mainTask) for mainTask
    main.o(i.mainTask) refers to OS_TIME.o(i.OSTimeDly) for OSTimeDly
    OS_Q.o(i.OSQAccept) refers to Os_cpu_c.o(i.OS_ENTER_CRITICAL) for OS_ENTER_CRITICAL
    OS_Q.o(i.OSQAccept) refers to Os_cpu_c.o(i.OS_EXIT_CRITICAL) for OS_EXIT_CRITICAL
    OS_Q.o(i.OSQCreate) refers to Os_cpu_c.o(i.OS_ENTER_CRITICAL) for OS_ENTER_CRITICAL
    OS_Q.o(i.OSQCreate) refers to Os_cpu_c.o(i.OS_EXIT_CRITICAL) for OS_EXIT_CRITICAL
    OS_Q.o(i.OSQCreate) refers to OS_CORE.o(i.OS_EventWaitListInit) for OS_EventWaitListInit
    OS_Q.o(i.OSQCreate) refers to OS_CORE.o(.data) for OSIntNesting
    OS_Q.o(i.OSQDel) refers to Os_cpu_c.o(i.OS_ENTER_CRITICAL) for OS_ENTER_CRITICAL
    OS_Q.o(i.OSQDel) refers to Os_cpu_c.o(i.OS_EXIT_CRITICAL) for OS_EXIT_CRITICAL
    OS_Q.o(i.OSQDel) refers to OS_CORE.o(i.OS_EventTaskRdy) for OS_EventTaskRdy
    OS_Q.o(i.OSQDel) refers to OS_CORE.o(i.OS_Sched) for OS_Sched
    OS_Q.o(i.OSQDel) refers to OS_CORE.o(.data) for OSIntNesting
    OS_Q.o(i.OSQFlush) refers to Os_cpu_c.o(i.OS_ENTER_CRITICAL) for OS_ENTER_CRITICAL
    OS_Q.o(i.OSQFlush) refers to Os_cpu_c.o(i.OS_EXIT_CRITICAL) for OS_EXIT_CRITICAL
    OS_Q.o(i.OSQPend) refers to Os_cpu_c.o(i.OS_ENTER_CRITICAL) for OS_ENTER_CRITICAL
    OS_Q.o(i.OSQPend) refers to Os_cpu_c.o(i.OS_EXIT_CRITICAL) for OS_EXIT_CRITICAL
    OS_Q.o(i.OSQPend) refers to OS_CORE.o(i.OS_EventTaskWait) for OS_EventTaskWait
    OS_Q.o(i.OSQPend) refers to OS_CORE.o(i.OS_Sched) for OS_Sched
    OS_Q.o(i.OSQPend) refers to OS_CORE.o(i.OS_EventTO) for OS_EventTO
    OS_Q.o(i.OSQPend) refers to OS_CORE.o(.data) for OSIntNesting
    OS_Q.o(i.OSQPost) refers to Os_cpu_c.o(i.OS_ENTER_CRITICAL) for OS_ENTER_CRITICAL
    OS_Q.o(i.OSQPost) refers to OS_CORE.o(i.OS_EventTaskRdy) for OS_EventTaskRdy
    OS_Q.o(i.OSQPost) refers to Os_cpu_c.o(i.OS_EXIT_CRITICAL) for OS_EXIT_CRITICAL
    OS_Q.o(i.OSQPost) refers to OS_CORE.o(i.OS_Sched) for OS_Sched
    OS_Q.o(i.OSQPostFront) refers to Os_cpu_c.o(i.OS_ENTER_CRITICAL) for OS_ENTER_CRITICAL
    OS_Q.o(i.OSQPostFront) refers to OS_CORE.o(i.OS_EventTaskRdy) for OS_EventTaskRdy
    OS_Q.o(i.OSQPostFront) refers to Os_cpu_c.o(i.OS_EXIT_CRITICAL) for OS_EXIT_CRITICAL
    OS_Q.o(i.OSQPostFront) refers to OS_CORE.o(i.OS_Sched) for OS_Sched
    OS_Q.o(i.OSQPostOpt) refers to Os_cpu_c.o(i.OS_ENTER_CRITICAL) for OS_ENTER_CRITICAL
    OS_Q.o(i.OSQPostOpt) refers to OS_CORE.o(i.OS_EventTaskRdy) for OS_EventTaskRdy
    OS_Q.o(i.OSQPostOpt) refers to Os_cpu_c.o(i.OS_EXIT_CRITICAL) for OS_EXIT_CRITICAL
    OS_Q.o(i.OSQPostOpt) refers to OS_CORE.o(i.OS_Sched) for OS_Sched
    OS_Q.o(i.OSQQuery) refers to Os_cpu_c.o(i.OS_ENTER_CRITICAL) for OS_ENTER_CRITICAL
    OS_Q.o(i.OSQQuery) refers to Os_cpu_c.o(i.OS_EXIT_CRITICAL) for OS_EXIT_CRITICAL
    OS_Q.o(i.OS_QInit) refers to OS_CORE.o(.bss) for OSQTbl
    OS_Q.o(i.OS_QInit) refers to OS_CORE.o(.data) for OSQFreeList
    OS_SEM.o(i.OSSemAccept) refers to Os_cpu_c.o(i.OS_ENTER_CRITICAL) for OS_ENTER_CRITICAL
    OS_SEM.o(i.OSSemAccept) refers to Os_cpu_c.o(i.OS_EXIT_CRITICAL) for OS_EXIT_CRITICAL
    OS_SEM.o(i.OSSemCreate) refers to Os_cpu_c.o(i.OS_ENTER_CRITICAL) for OS_ENTER_CRITICAL
    OS_SEM.o(i.OSSemCreate) refers to Os_cpu_c.o(i.OS_EXIT_CRITICAL) for OS_EXIT_CRITICAL
    OS_SEM.o(i.OSSemCreate) refers to OS_CORE.o(i.OS_EventWaitListInit) for OS_EventWaitListInit
    OS_SEM.o(i.OSSemCreate) refers to OS_CORE.o(.data) for OSIntNesting
    OS_SEM.o(i.OSSemDel) refers to Os_cpu_c.o(i.OS_ENTER_CRITICAL) for OS_ENTER_CRITICAL
    OS_SEM.o(i.OSSemDel) refers to Os_cpu_c.o(i.OS_EXIT_CRITICAL) for OS_EXIT_CRITICAL
    OS_SEM.o(i.OSSemDel) refers to OS_CORE.o(i.OS_EventTaskRdy) for OS_EventTaskRdy
    OS_SEM.o(i.OSSemDel) refers to OS_CORE.o(i.OS_Sched) for OS_Sched
    OS_SEM.o(i.OSSemDel) refers to OS_CORE.o(.data) for OSIntNesting
    OS_SEM.o(i.OSSemPend) refers to Os_cpu_c.o(i.OS_ENTER_CRITICAL) for OS_ENTER_CRITICAL
    OS_SEM.o(i.OSSemPend) refers to Os_cpu_c.o(i.OS_EXIT_CRITICAL) for OS_EXIT_CRITICAL
    OS_SEM.o(i.OSSemPend) refers to OS_CORE.o(i.OS_EventTaskWait) for OS_EventTaskWait
    OS_SEM.o(i.OSSemPend) refers to OS_CORE.o(i.OS_Sched) for OS_Sched
    OS_SEM.o(i.OSSemPend) refers to OS_CORE.o(i.OS_EventTO) for OS_EventTO
    OS_SEM.o(i.OSSemPend) refers to OS_CORE.o(.data) for OSIntNesting
    OS_SEM.o(i.OSSemPost) refers to Os_cpu_c.o(i.OS_ENTER_CRITICAL) for OS_ENTER_CRITICAL
    OS_SEM.o(i.OSSemPost) refers to OS_CORE.o(i.OS_EventTaskRdy) for OS_EventTaskRdy
    OS_SEM.o(i.OSSemPost) refers to Os_cpu_c.o(i.OS_EXIT_CRITICAL) for OS_EXIT_CRITICAL
    OS_SEM.o(i.OSSemPost) refers to OS_CORE.o(i.OS_Sched) for OS_Sched
    OS_SEM.o(i.OSSemQuery) refers to Os_cpu_c.o(i.OS_ENTER_CRITICAL) for OS_ENTER_CRITICAL
    OS_SEM.o(i.OSSemQuery) refers to Os_cpu_c.o(i.OS_EXIT_CRITICAL) for OS_EXIT_CRITICAL
    OS_TASK.o(i.OSTaskChangePrio) refers to Os_cpu_c.o(i.OS_ENTER_CRITICAL) for OS_ENTER_CRITICAL
    OS_TASK.o(i.OSTaskChangePrio) refers to Os_cpu_c.o(i.OS_EXIT_CRITICAL) for OS_EXIT_CRITICAL
    OS_TASK.o(i.OSTaskChangePrio) refers to OS_CORE.o(i.OS_Sched) for OS_Sched
    OS_TASK.o(i.OSTaskChangePrio) refers to OS_CORE.o(.bss) for OSTCBPrioTbl
    OS_TASK.o(i.OSTaskChangePrio) refers to OS_CORE.o(.constdata) for OSMapTbl
    OS_TASK.o(i.OSTaskChangePrio) refers to OS_CORE.o(.data) for OSTCBCur
    OS_TASK.o(i.OSTaskCreate) refers to Os_cpu_c.o(i.OS_ENTER_CRITICAL) for OS_ENTER_CRITICAL
    OS_TASK.o(i.OSTaskCreate) refers to Os_cpu_c.o(i.OS_EXIT_CRITICAL) for OS_EXIT_CRITICAL
    OS_TASK.o(i.OSTaskCreate) refers to Os_cpu_c.o(i.OSTaskStkInit) for OSTaskStkInit
    OS_TASK.o(i.OSTaskCreate) refers to OS_CORE.o(i.OS_TCBInit) for OS_TCBInit
    OS_TASK.o(i.OSTaskCreate) refers to OS_CORE.o(i.OS_Sched) for OS_Sched
    OS_TASK.o(i.OSTaskCreate) refers to OS_CORE.o(.bss) for OSTCBPrioTbl
    OS_TASK.o(i.OSTaskCreate) refers to OS_CORE.o(.data) for OSTaskCtr
    OS_TASK.o(i.OSTaskCreateExt) refers to Os_cpu_c.o(i.OS_ENTER_CRITICAL) for OS_ENTER_CRITICAL
    OS_TASK.o(i.OSTaskCreateExt) refers to Os_cpu_c.o(i.OS_EXIT_CRITICAL) for OS_EXIT_CRITICAL
    OS_TASK.o(i.OSTaskCreateExt) refers to memseta.o(.text) for __aeabi_memclr4
    OS_TASK.o(i.OSTaskCreateExt) refers to Os_cpu_c.o(i.OSTaskStkInit) for OSTaskStkInit
    OS_TASK.o(i.OSTaskCreateExt) refers to OS_CORE.o(i.OS_TCBInit) for OS_TCBInit
    OS_TASK.o(i.OSTaskCreateExt) refers to OS_CORE.o(i.OS_Sched) for OS_Sched
    OS_TASK.o(i.OSTaskCreateExt) refers to OS_CORE.o(.bss) for OSTCBPrioTbl
    OS_TASK.o(i.OSTaskCreateExt) refers to OS_CORE.o(.data) for OSTaskCtr
    OS_TASK.o(i.OSTaskDel) refers to Os_cpu_c.o(i.OS_ENTER_CRITICAL) for OS_ENTER_CRITICAL
    OS_TASK.o(i.OSTaskDel) refers to OS_FLAG.o(i.OS_FlagUnlink) for OS_FlagUnlink
    OS_TASK.o(i.OSTaskDel) refers to Os_cpu_c.o(i.OS_EXIT_CRITICAL) for OS_EXIT_CRITICAL
    OS_TASK.o(i.OSTaskDel) refers to OS_CORE.o(i.OS_Dummy) for OS_Dummy
    OS_TASK.o(i.OSTaskDel) refers to Os_cpu_c.o(i.OSTaskDelHook) for OSTaskDelHook
    OS_TASK.o(i.OSTaskDel) refers to OS_CORE.o(i.OS_Sched) for OS_Sched
    OS_TASK.o(i.OSTaskDel) refers to OS_CORE.o(.data) for OSIntNesting
    OS_TASK.o(i.OSTaskDel) refers to OS_CORE.o(.bss) for OSTCBPrioTbl
    OS_TASK.o(i.OSTaskDelReq) refers to Os_cpu_c.o(i.OS_ENTER_CRITICAL) for OS_ENTER_CRITICAL
    OS_TASK.o(i.OSTaskDelReq) refers to Os_cpu_c.o(i.OS_EXIT_CRITICAL) for OS_EXIT_CRITICAL
    OS_TASK.o(i.OSTaskDelReq) refers to OS_CORE.o(.data) for OSTCBCur
    OS_TASK.o(i.OSTaskDelReq) refers to OS_CORE.o(.bss) for OSTCBPrioTbl
    OS_TASK.o(i.OSTaskQuery) refers to Os_cpu_c.o(i.OS_ENTER_CRITICAL) for OS_ENTER_CRITICAL
    OS_TASK.o(i.OSTaskQuery) refers to Os_cpu_c.o(i.OS_EXIT_CRITICAL) for OS_EXIT_CRITICAL
    OS_TASK.o(i.OSTaskQuery) refers to memcpya.o(.text) for __aeabi_memcpy4
    OS_TASK.o(i.OSTaskQuery) refers to OS_CORE.o(.data) for OSTCBCur
    OS_TASK.o(i.OSTaskQuery) refers to OS_CORE.o(.bss) for OSTCBPrioTbl
    OS_TASK.o(i.OSTaskResume) refers to Os_cpu_c.o(i.OS_ENTER_CRITICAL) for OS_ENTER_CRITICAL
    OS_TASK.o(i.OSTaskResume) refers to Os_cpu_c.o(i.OS_EXIT_CRITICAL) for OS_EXIT_CRITICAL
    OS_TASK.o(i.OSTaskResume) refers to OS_CORE.o(i.OS_Sched) for OS_Sched
    OS_TASK.o(i.OSTaskResume) refers to OS_CORE.o(.bss) for OSTCBPrioTbl
    OS_TASK.o(i.OSTaskResume) refers to OS_CORE.o(.data) for OSRdyGrp
    OS_TASK.o(i.OSTaskStkChk) refers to Os_cpu_c.o(i.OS_ENTER_CRITICAL) for OS_ENTER_CRITICAL
    OS_TASK.o(i.OSTaskStkChk) refers to Os_cpu_c.o(i.OS_EXIT_CRITICAL) for OS_EXIT_CRITICAL
    OS_TASK.o(i.OSTaskStkChk) refers to OS_CORE.o(.data) for OSTCBCur
    OS_TASK.o(i.OSTaskStkChk) refers to OS_CORE.o(.bss) for OSTCBPrioTbl
    OS_TASK.o(i.OSTaskSuspend) refers to Os_cpu_c.o(i.OS_ENTER_CRITICAL) for OS_ENTER_CRITICAL
    OS_TASK.o(i.OSTaskSuspend) refers to Os_cpu_c.o(i.OS_EXIT_CRITICAL) for OS_EXIT_CRITICAL
    OS_TASK.o(i.OSTaskSuspend) refers to OS_CORE.o(i.OS_Sched) for OS_Sched
    OS_TASK.o(i.OSTaskSuspend) refers to OS_CORE.o(.data) for OSTCBCur
    OS_TASK.o(i.OSTaskSuspend) refers to OS_CORE.o(.bss) for OSTCBPrioTbl
    OS_TIME.o(i.OSTimeDly) refers to Os_cpu_c.o(i.OS_ENTER_CRITICAL) for OS_ENTER_CRITICAL
    OS_TIME.o(i.OSTimeDly) refers to Os_cpu_c.o(i.OS_EXIT_CRITICAL) for OS_EXIT_CRITICAL
    OS_TIME.o(i.OSTimeDly) refers to OS_CORE.o(i.OS_Sched) for OS_Sched
    OS_TIME.o(i.OSTimeDly) refers to OS_CORE.o(.data) for OSTCBCur
    OS_TIME.o(i.OSTimeDlyHMSM) refers to uidiv.o(.text) for __aeabi_uidivmod
    OS_TIME.o(i.OSTimeDlyHMSM) refers to OS_TIME.o(i.OSTimeDly) for OSTimeDly
    OS_TIME.o(i.OSTimeDlyResume) refers to Os_cpu_c.o(i.OS_ENTER_CRITICAL) for OS_ENTER_CRITICAL
    OS_TIME.o(i.OSTimeDlyResume) refers to Os_cpu_c.o(i.OS_EXIT_CRITICAL) for OS_EXIT_CRITICAL
    OS_TIME.o(i.OSTimeDlyResume) refers to OS_CORE.o(i.OS_Sched) for OS_Sched
    OS_TIME.o(i.OSTimeDlyResume) refers to OS_CORE.o(.bss) for OSTCBPrioTbl
    OS_TIME.o(i.OSTimeDlyResume) refers to OS_CORE.o(.data) for OSRdyGrp
    OS_TIME.o(i.OSTimeGet) refers to Os_cpu_c.o(i.OS_ENTER_CRITICAL) for OS_ENTER_CRITICAL
    OS_TIME.o(i.OSTimeGet) refers to Os_cpu_c.o(i.OS_EXIT_CRITICAL) for OS_EXIT_CRITICAL
    OS_TIME.o(i.OSTimeGet) refers to OS_CORE.o(.data) for OSTime
    OS_TIME.o(i.OSTimeSet) refers to Os_cpu_c.o(i.OS_ENTER_CRITICAL) for OS_ENTER_CRITICAL
    OS_TIME.o(i.OSTimeSet) refers to Os_cpu_c.o(i.OS_EXIT_CRITICAL) for OS_EXIT_CRITICAL
    OS_TIME.o(i.OSTimeSet) refers to OS_CORE.o(.data) for OSTime
    OS_CORE.o(i.OSInit) refers to Os_cpu_c.o(i.OSInitHookBegin) for OSInitHookBegin
    OS_CORE.o(i.OSInit) refers to OS_CORE.o(i.OS_InitMisc) for OS_InitMisc
    OS_CORE.o(i.OSInit) refers to OS_CORE.o(i.OS_InitRdyList) for OS_InitRdyList
    OS_CORE.o(i.OSInit) refers to OS_CORE.o(i.OS_InitTCBList) for OS_InitTCBList
    OS_CORE.o(i.OSInit) refers to OS_CORE.o(i.OS_InitEventList) for OS_InitEventList
    OS_CORE.o(i.OSInit) refers to OS_FLAG.o(i.OS_FlagInit) for OS_FlagInit
    OS_CORE.o(i.OSInit) refers to OS_MEM.o(i.OS_MemInit) for OS_MemInit
    OS_CORE.o(i.OSInit) refers to OS_Q.o(i.OS_QInit) for OS_QInit
    OS_CORE.o(i.OSInit) refers to OS_CORE.o(i.OS_InitTaskIdle) for OS_InitTaskIdle
    OS_CORE.o(i.OSInit) refers to OS_CORE.o(i.OS_InitTaskStat) for OS_InitTaskStat
    OS_CORE.o(i.OSInit) refers to Os_cpu_c.o(i.OSInitHookEnd) for OSInitHookEnd
    OS_CORE.o(i.OSIntEnter) refers to OS_CORE.o(.data) for OSRunning
    OS_CORE.o(i.OSIntExit) refers to Os_cpu_c.o(i.OS_ENTER_CRITICAL) for OS_ENTER_CRITICAL
    OS_CORE.o(i.OSIntExit) refers to Os_cpu_c.o(i.OSIntCtxSw) for OSIntCtxSw
    OS_CORE.o(i.OSIntExit) refers to Os_cpu_c.o(i.OS_EXIT_CRITICAL) for OS_EXIT_CRITICAL
    OS_CORE.o(i.OSIntExit) refers to OS_CORE.o(.data) for OSRunning
    OS_CORE.o(i.OSIntExit) refers to OS_CORE.o(.constdata) for OSUnMapTbl
    OS_CORE.o(i.OSIntExit) refers to OS_CORE.o(.bss) for OSTCBPrioTbl
    OS_CORE.o(i.OSSchedLock) refers to Os_cpu_c.o(i.OS_ENTER_CRITICAL) for OS_ENTER_CRITICAL
    OS_CORE.o(i.OSSchedLock) refers to Os_cpu_c.o(i.OS_EXIT_CRITICAL) for OS_EXIT_CRITICAL
    OS_CORE.o(i.OSSchedLock) refers to OS_CORE.o(.data) for OSRunning
    OS_CORE.o(i.OSSchedUnlock) refers to Os_cpu_c.o(i.OS_ENTER_CRITICAL) for OS_ENTER_CRITICAL
    OS_CORE.o(i.OSSchedUnlock) refers to Os_cpu_c.o(i.OS_EXIT_CRITICAL) for OS_EXIT_CRITICAL
    OS_CORE.o(i.OSSchedUnlock) refers to OS_CORE.o(i.OS_Sched) for OS_Sched
    OS_CORE.o(i.OSSchedUnlock) refers to OS_CORE.o(.data) for OSRunning
    OS_CORE.o(i.OSStart) refers to Os_cpu_c.o(i.OSStartHighRdy) for OSStartHighRdy
    OS_CORE.o(i.OSStart) refers to OS_CORE.o(.data) for OSRunning
    OS_CORE.o(i.OSStart) refers to OS_CORE.o(.constdata) for OSUnMapTbl
    OS_CORE.o(i.OSStart) refers to OS_CORE.o(.bss) for OSTCBPrioTbl
    OS_CORE.o(i.OSStatInit) refers to OS_TIME.o(i.OSTimeDly) for OSTimeDly
    OS_CORE.o(i.OSStatInit) refers to Os_cpu_c.o(i.OS_ENTER_CRITICAL) for OS_ENTER_CRITICAL
    OS_CORE.o(i.OSStatInit) refers to Os_cpu_c.o(i.OS_EXIT_CRITICAL) for OS_EXIT_CRITICAL
    OS_CORE.o(i.OSStatInit) refers to OS_CORE.o(.data) for OSIdleCtr
    OS_CORE.o(i.OSTimeTick) refers to Os_cpu_c.o(i.OSTimeTickHook) for OSTimeTickHook
    OS_CORE.o(i.OSTimeTick) refers to Os_cpu_c.o(i.OS_ENTER_CRITICAL) for OS_ENTER_CRITICAL
    OS_CORE.o(i.OSTimeTick) refers to Os_cpu_c.o(i.OS_EXIT_CRITICAL) for OS_EXIT_CRITICAL
    OS_CORE.o(i.OSTimeTick) refers to OS_CORE.o(.data) for OSTime
    OS_CORE.o(i.OS_EventTO) refers to OS_CORE.o(.data) for OSTCBCur
    OS_CORE.o(i.OS_EventTaskRdy) refers to OS_CORE.o(.constdata) for OSUnMapTbl
    OS_CORE.o(i.OS_EventTaskRdy) refers to OS_CORE.o(.bss) for OSTCBPrioTbl
    OS_CORE.o(i.OS_EventTaskRdy) refers to OS_CORE.o(.data) for OSRdyGrp
    OS_CORE.o(i.OS_EventTaskWait) refers to OS_CORE.o(.data) for OSTCBCur
    OS_CORE.o(i.OS_InitEventList) refers to OS_CORE.o(.bss) for OSEventTbl
    OS_CORE.o(i.OS_InitEventList) refers to OS_CORE.o(.data) for OSEventFreeList
    OS_CORE.o(i.OS_InitMisc) refers to OS_CORE.o(.data) for OSTime
    OS_CORE.o(i.OS_InitRdyList) refers to OS_CORE.o(.data) for OSRdyGrp
    OS_CORE.o(i.OS_InitTCBList) refers to OS_CORE.o(.data) for OSTCBList
    OS_CORE.o(i.OS_InitTCBList) refers to OS_CORE.o(.bss) for OSTCBPrioTbl
    OS_CORE.o(i.OS_InitTaskIdle) refers to OS_TASK.o(i.OSTaskCreateExt) for OSTaskCreateExt
    OS_CORE.o(i.OS_InitTaskIdle) refers to OS_CORE.o(.bss) for OSTaskIdleStk
    OS_CORE.o(i.OS_InitTaskIdle) refers to OS_CORE.o(i.OS_TaskIdle) for OS_TaskIdle
    OS_CORE.o(i.OS_InitTaskStat) refers to OS_TASK.o(i.OSTaskCreateExt) for OSTaskCreateExt
    OS_CORE.o(i.OS_InitTaskStat) refers to OS_CORE.o(.bss) for OSTaskStatStk
    OS_CORE.o(i.OS_InitTaskStat) refers to OS_CORE.o(i.OS_TaskStat) for OS_TaskStat
    OS_CORE.o(i.OS_Sched) refers to Os_cpu_c.o(i.OS_ENTER_CRITICAL) for OS_ENTER_CRITICAL
    OS_CORE.o(i.OS_Sched) refers to Os_cpu_c.o(i.OSIntCtxSw) for OSIntCtxSw
    OS_CORE.o(i.OS_Sched) refers to Os_cpu_c.o(i.OS_EXIT_CRITICAL) for OS_EXIT_CRITICAL
    OS_CORE.o(i.OS_Sched) refers to OS_CORE.o(.data) for OSIntNesting
    OS_CORE.o(i.OS_Sched) refers to OS_CORE.o(.constdata) for OSUnMapTbl
    OS_CORE.o(i.OS_Sched) refers to OS_CORE.o(.bss) for OSTCBPrioTbl
    OS_CORE.o(i.OS_TCBInit) refers to Os_cpu_c.o(i.OS_ENTER_CRITICAL) for OS_ENTER_CRITICAL
    OS_CORE.o(i.OS_TCBInit) refers to Os_cpu_c.o(i.OS_EXIT_CRITICAL) for OS_EXIT_CRITICAL
    OS_CORE.o(i.OS_TCBInit) refers to Os_cpu_c.o(i.OSTCBInitHook) for OSTCBInitHook
    OS_CORE.o(i.OS_TCBInit) refers to Os_cpu_c.o(i.OSTaskCreateHook) for OSTaskCreateHook
    OS_CORE.o(i.OS_TCBInit) refers to OS_CORE.o(.data) for OSTCBFreeList
    OS_CORE.o(i.OS_TCBInit) refers to OS_CORE.o(.constdata) for OSMapTbl
    OS_CORE.o(i.OS_TCBInit) refers to OS_CORE.o(.bss) for OSTCBPrioTbl
    OS_CORE.o(i.OS_TaskIdle) refers to Os_cpu_c.o(i.OS_ENTER_CRITICAL) for OS_ENTER_CRITICAL
    OS_CORE.o(i.OS_TaskIdle) refers to Os_cpu_c.o(i.OS_EXIT_CRITICAL) for OS_EXIT_CRITICAL
    OS_CORE.o(i.OS_TaskIdle) refers to Os_cpu_c.o(i.OSTaskIdleHook) for OSTaskIdleHook
    OS_CORE.o(i.OS_TaskIdle) refers to OS_CORE.o(.data) for OSIdleCtr
    OS_CORE.o(i.OS_TaskStat) refers to OS_TIME.o(i.OSTimeDly) for OSTimeDly
    OS_CORE.o(i.OS_TaskStat) refers to uidiv.o(.text) for __aeabi_uidivmod
    OS_CORE.o(i.OS_TaskStat) refers to Os_cpu_c.o(i.OS_ENTER_CRITICAL) for OS_ENTER_CRITICAL
    OS_CORE.o(i.OS_TaskStat) refers to Os_cpu_c.o(i.OS_EXIT_CRITICAL) for OS_EXIT_CRITICAL
    OS_CORE.o(i.OS_TaskStat) refers to Os_cpu_c.o(i.OSTaskStatHook) for OSTaskStatHook
    OS_CORE.o(i.OS_TaskStat) refers to OS_CORE.o(.data) for OSStatRdy
    OS_FLAG.o(i.OSFlagAccept) refers to Os_cpu_c.o(i.OS_ENTER_CRITICAL) for OS_ENTER_CRITICAL
    OS_FLAG.o(i.OSFlagAccept) refers to Os_cpu_c.o(i.OS_EXIT_CRITICAL) for OS_EXIT_CRITICAL
    OS_FLAG.o(i.OSFlagCreate) refers to Os_cpu_c.o(i.OS_ENTER_CRITICAL) for OS_ENTER_CRITICAL
    OS_FLAG.o(i.OSFlagCreate) refers to Os_cpu_c.o(i.OS_EXIT_CRITICAL) for OS_EXIT_CRITICAL
    OS_FLAG.o(i.OSFlagCreate) refers to OS_CORE.o(.data) for OSIntNesting
    OS_FLAG.o(i.OSFlagDel) refers to Os_cpu_c.o(i.OS_ENTER_CRITICAL) for OS_ENTER_CRITICAL
    OS_FLAG.o(i.OSFlagDel) refers to Os_cpu_c.o(i.OS_EXIT_CRITICAL) for OS_EXIT_CRITICAL
    OS_FLAG.o(i.OSFlagDel) refers to OS_FLAG.o(i.OS_FlagTaskRdy) for OS_FlagTaskRdy
    OS_FLAG.o(i.OSFlagDel) refers to OS_CORE.o(i.OS_Sched) for OS_Sched
    OS_FLAG.o(i.OSFlagDel) refers to OS_CORE.o(.data) for OSIntNesting
    OS_FLAG.o(i.OSFlagPend) refers to Os_cpu_c.o(i.OS_ENTER_CRITICAL) for OS_ENTER_CRITICAL
    OS_FLAG.o(i.OSFlagPend) refers to Os_cpu_c.o(i.OS_EXIT_CRITICAL) for OS_EXIT_CRITICAL
    OS_FLAG.o(i.OSFlagPend) refers to OS_FLAG.o(i.OS_FlagBlock) for OS_FlagBlock
    OS_FLAG.o(i.OSFlagPend) refers to OS_CORE.o(i.OS_Sched) for OS_Sched
    OS_FLAG.o(i.OSFlagPend) refers to OS_FLAG.o(i.OS_FlagUnlink) for OS_FlagUnlink
    OS_FLAG.o(i.OSFlagPend) refers to OS_CORE.o(.data) for OSIntNesting
    OS_FLAG.o(i.OSFlagPost) refers to Os_cpu_c.o(i.OS_ENTER_CRITICAL) for OS_ENTER_CRITICAL
    OS_FLAG.o(i.OSFlagPost) refers to Os_cpu_c.o(i.OS_EXIT_CRITICAL) for OS_EXIT_CRITICAL
    OS_FLAG.o(i.OSFlagPost) refers to OS_FLAG.o(i.OS_FlagTaskRdy) for OS_FlagTaskRdy
    OS_FLAG.o(i.OSFlagPost) refers to OS_CORE.o(i.OS_Sched) for OS_Sched
    OS_FLAG.o(i.OSFlagQuery) refers to Os_cpu_c.o(i.OS_ENTER_CRITICAL) for OS_ENTER_CRITICAL
    OS_FLAG.o(i.OSFlagQuery) refers to Os_cpu_c.o(i.OS_EXIT_CRITICAL) for OS_EXIT_CRITICAL
    OS_FLAG.o(i.OS_FlagBlock) refers to OS_CORE.o(.data) for OSTCBCur
    OS_FLAG.o(i.OS_FlagInit) refers to OS_CORE.o(.bss) for OSFlagTbl
    OS_FLAG.o(i.OS_FlagInit) refers to OS_CORE.o(.data) for OSFlagFreeList
    OS_FLAG.o(i.OS_FlagTaskRdy) refers to OS_FLAG.o(i.OS_FlagUnlink) for OS_FlagUnlink
    OS_FLAG.o(i.OS_FlagTaskRdy) refers to OS_CORE.o(.data) for OSRdyGrp
    OS_MBOX.o(i.OSMboxAccept) refers to Os_cpu_c.o(i.OS_ENTER_CRITICAL) for OS_ENTER_CRITICAL
    OS_MBOX.o(i.OSMboxAccept) refers to Os_cpu_c.o(i.OS_EXIT_CRITICAL) for OS_EXIT_CRITICAL
    OS_MBOX.o(i.OSMboxCreate) refers to Os_cpu_c.o(i.OS_ENTER_CRITICAL) for OS_ENTER_CRITICAL
    OS_MBOX.o(i.OSMboxCreate) refers to Os_cpu_c.o(i.OS_EXIT_CRITICAL) for OS_EXIT_CRITICAL
    OS_MBOX.o(i.OSMboxCreate) refers to OS_CORE.o(i.OS_EventWaitListInit) for OS_EventWaitListInit
    OS_MBOX.o(i.OSMboxCreate) refers to OS_CORE.o(.data) for OSIntNesting
    OS_MBOX.o(i.OSMboxDel) refers to Os_cpu_c.o(i.OS_ENTER_CRITICAL) for OS_ENTER_CRITICAL
    OS_MBOX.o(i.OSMboxDel) refers to Os_cpu_c.o(i.OS_EXIT_CRITICAL) for OS_EXIT_CRITICAL
    OS_MBOX.o(i.OSMboxDel) refers to OS_CORE.o(i.OS_EventTaskRdy) for OS_EventTaskRdy
    OS_MBOX.o(i.OSMboxDel) refers to OS_CORE.o(i.OS_Sched) for OS_Sched
    OS_MBOX.o(i.OSMboxDel) refers to OS_CORE.o(.data) for OSIntNesting
    OS_MBOX.o(i.OSMboxPend) refers to Os_cpu_c.o(i.OS_ENTER_CRITICAL) for OS_ENTER_CRITICAL
    OS_MBOX.o(i.OSMboxPend) refers to Os_cpu_c.o(i.OS_EXIT_CRITICAL) for OS_EXIT_CRITICAL
    OS_MBOX.o(i.OSMboxPend) refers to OS_CORE.o(i.OS_EventTaskWait) for OS_EventTaskWait
    OS_MBOX.o(i.OSMboxPend) refers to OS_CORE.o(i.OS_Sched) for OS_Sched
    OS_MBOX.o(i.OSMboxPend) refers to OS_CORE.o(i.OS_EventTO) for OS_EventTO
    OS_MBOX.o(i.OSMboxPend) refers to OS_CORE.o(.data) for OSIntNesting
    OS_MBOX.o(i.OSMboxPost) refers to Os_cpu_c.o(i.OS_ENTER_CRITICAL) for OS_ENTER_CRITICAL
    OS_MBOX.o(i.OSMboxPost) refers to OS_CORE.o(i.OS_EventTaskRdy) for OS_EventTaskRdy
    OS_MBOX.o(i.OSMboxPost) refers to Os_cpu_c.o(i.OS_EXIT_CRITICAL) for OS_EXIT_CRITICAL
    OS_MBOX.o(i.OSMboxPost) refers to OS_CORE.o(i.OS_Sched) for OS_Sched
    OS_MBOX.o(i.OSMboxPostOpt) refers to Os_cpu_c.o(i.OS_ENTER_CRITICAL) for OS_ENTER_CRITICAL
    OS_MBOX.o(i.OSMboxPostOpt) refers to OS_CORE.o(i.OS_EventTaskRdy) for OS_EventTaskRdy
    OS_MBOX.o(i.OSMboxPostOpt) refers to Os_cpu_c.o(i.OS_EXIT_CRITICAL) for OS_EXIT_CRITICAL
    OS_MBOX.o(i.OSMboxPostOpt) refers to OS_CORE.o(i.OS_Sched) for OS_Sched
    OS_MBOX.o(i.OSMboxQuery) refers to Os_cpu_c.o(i.OS_ENTER_CRITICAL) for OS_ENTER_CRITICAL
    OS_MBOX.o(i.OSMboxQuery) refers to Os_cpu_c.o(i.OS_EXIT_CRITICAL) for OS_EXIT_CRITICAL
    OS_MEM.o(i.OSMemCreate) refers to Os_cpu_c.o(i.OS_ENTER_CRITICAL) for OS_ENTER_CRITICAL
    OS_MEM.o(i.OSMemCreate) refers to Os_cpu_c.o(i.OS_EXIT_CRITICAL) for OS_EXIT_CRITICAL
    OS_MEM.o(i.OSMemCreate) refers to OS_CORE.o(.data) for OSMemFreeList
    OS_MEM.o(i.OSMemGet) refers to Os_cpu_c.o(i.OS_ENTER_CRITICAL) for OS_ENTER_CRITICAL
    OS_MEM.o(i.OSMemGet) refers to Os_cpu_c.o(i.OS_EXIT_CRITICAL) for OS_EXIT_CRITICAL
    OS_MEM.o(i.OSMemPut) refers to Os_cpu_c.o(i.OS_ENTER_CRITICAL) for OS_ENTER_CRITICAL
    OS_MEM.o(i.OSMemPut) refers to Os_cpu_c.o(i.OS_EXIT_CRITICAL) for OS_EXIT_CRITICAL
    OS_MEM.o(i.OSMemQuery) refers to Os_cpu_c.o(i.OS_ENTER_CRITICAL) for OS_ENTER_CRITICAL
    OS_MEM.o(i.OSMemQuery) refers to Os_cpu_c.o(i.OS_EXIT_CRITICAL) for OS_EXIT_CRITICAL
    OS_MEM.o(i.OS_MemInit) refers to OS_CORE.o(.bss) for OSMemTbl
    OS_MEM.o(i.OS_MemInit) refers to OS_CORE.o(.data) for OSMemFreeList
    OS_MUTEX.o(i.OSMutexAccept) refers to Os_cpu_c.o(i.OS_ENTER_CRITICAL) for OS_ENTER_CRITICAL
    OS_MUTEX.o(i.OSMutexAccept) refers to Os_cpu_c.o(i.OS_EXIT_CRITICAL) for OS_EXIT_CRITICAL
    OS_MUTEX.o(i.OSMutexAccept) refers to OS_CORE.o(.data) for OSIntNesting
    OS_MUTEX.o(i.OSMutexCreate) refers to Os_cpu_c.o(i.OS_ENTER_CRITICAL) for OS_ENTER_CRITICAL
    OS_MUTEX.o(i.OSMutexCreate) refers to Os_cpu_c.o(i.OS_EXIT_CRITICAL) for OS_EXIT_CRITICAL
    OS_MUTEX.o(i.OSMutexCreate) refers to OS_CORE.o(i.OS_EventWaitListInit) for OS_EventWaitListInit
    OS_MUTEX.o(i.OSMutexCreate) refers to OS_CORE.o(.data) for OSIntNesting
    OS_MUTEX.o(i.OSMutexCreate) refers to OS_CORE.o(.bss) for OSTCBPrioTbl
    OS_MUTEX.o(i.OSMutexDel) refers to Os_cpu_c.o(i.OS_ENTER_CRITICAL) for OS_ENTER_CRITICAL
    OS_MUTEX.o(i.OSMutexDel) refers to Os_cpu_c.o(i.OS_EXIT_CRITICAL) for OS_EXIT_CRITICAL
    OS_MUTEX.o(i.OSMutexDel) refers to OS_CORE.o(i.OS_EventTaskRdy) for OS_EventTaskRdy
    OS_MUTEX.o(i.OSMutexDel) refers to OS_CORE.o(i.OS_Sched) for OS_Sched
    OS_MUTEX.o(i.OSMutexDel) refers to OS_CORE.o(.data) for OSIntNesting
    OS_MUTEX.o(i.OSMutexDel) refers to OS_CORE.o(.bss) for OSTCBPrioTbl
    OS_MUTEX.o(i.OSMutexPend) refers to Os_cpu_c.o(i.OS_ENTER_CRITICAL) for OS_ENTER_CRITICAL
    OS_MUTEX.o(i.OSMutexPend) refers to Os_cpu_c.o(i.OS_EXIT_CRITICAL) for OS_EXIT_CRITICAL
    OS_MUTEX.o(i.OSMutexPend) refers to OS_CORE.o(i.OS_EventTaskWait) for OS_EventTaskWait
    OS_MUTEX.o(i.OSMutexPend) refers to OS_CORE.o(i.OS_Sched) for OS_Sched
    OS_MUTEX.o(i.OSMutexPend) refers to OS_CORE.o(i.OS_EventTO) for OS_EventTO
    OS_MUTEX.o(i.OSMutexPend) refers to OS_CORE.o(.data) for OSIntNesting
    OS_MUTEX.o(i.OSMutexPend) refers to OS_CORE.o(.constdata) for OSMapTbl
    OS_MUTEX.o(i.OSMutexPend) refers to OS_CORE.o(.bss) for OSTCBPrioTbl
    OS_MUTEX.o(i.OSMutexPost) refers to Os_cpu_c.o(i.OS_ENTER_CRITICAL) for OS_ENTER_CRITICAL
    OS_MUTEX.o(i.OSMutexPost) refers to Os_cpu_c.o(i.OS_EXIT_CRITICAL) for OS_EXIT_CRITICAL
    OS_MUTEX.o(i.OSMutexPost) refers to OS_CORE.o(i.OS_EventTaskRdy) for OS_EventTaskRdy
    OS_MUTEX.o(i.OSMutexPost) refers to OS_CORE.o(i.OS_Sched) for OS_Sched
    OS_MUTEX.o(i.OSMutexPost) refers to OS_CORE.o(.data) for OSIntNesting
    OS_MUTEX.o(i.OSMutexPost) refers to OS_CORE.o(.constdata) for OSMapTbl
    OS_MUTEX.o(i.OSMutexPost) refers to OS_CORE.o(.bss) for OSTCBPrioTbl
    OS_MUTEX.o(i.OSMutexQuery) refers to Os_cpu_c.o(i.OS_ENTER_CRITICAL) for OS_ENTER_CRITICAL
    OS_MUTEX.o(i.OSMutexQuery) refers to Os_cpu_c.o(i.OS_EXIT_CRITICAL) for OS_EXIT_CRITICAL
    OS_MUTEX.o(i.OSMutexQuery) refers to OS_CORE.o(.data) for OSIntNesting
    Os_cpu_c.o(.emb_text) refers to Os_cpu_c.o(i.OSTaskSwHook) for OSTaskSwHook
    Os_cpu_c.o(.emb_text) refers to OS_CORE.o(.data) for OSRunning
    Os_cpu_c.o(.emb_text) refers to Os_cpu_c.o(.data) for __GuiOsEnterSum
    Os_cpu_c.o(.emb_text) refers to OS_TASK.o(i.OSTaskDel) for OSTaskDel
    Os_cpu_c.o(i.OSStartHighRdy) refers to Os_cpu_c.o(i.NVIC_EnableIRQ) for NVIC_EnableIRQ
    Os_cpu_c.o(i.OSStartHighRdy) refers to Os_cpu_c.o(i.NVIC_SetPriority) for NVIC_SetPriority
    Os_cpu_c.o(i.OSStartHighRdy) refers to uidiv.o(.text) for __aeabi_uidivmod
    Os_cpu_c.o(i.OSStartHighRdy) refers to Os_cpu_c.o(.emb_text) for __OSStartHighRdy
    Os_cpu_c.o(i.OSStartHighRdy) refers to system_LPC11xx.o(.data) for SystemFrequency
    Os_cpu_c.o(i.OSTaskStkInit) refers to Os_cpu_c.o(.emb_text) for taskEntry
    Os_cpu_c.o(i.OS_ENTER_CRITICAL) refers to Os_cpu_c.o(.data) for __GuiOsEnterSum
    Os_cpu_c.o(i.OS_EXIT_CRITICAL) refers to Os_cpu_c.o(.data) for __GuiOsEnterSum
    Os_cpu_c.o(i.SysTick_Handler) refers to OS_CORE.o(i.OSIntEnter) for OSIntEnter
    Os_cpu_c.o(i.SysTick_Handler) refers to OS_CORE.o(i.OSTimeTick) for OSTimeTick
    Os_cpu_c.o(i.SysTick_Handler) refers to OS_CORE.o(i.OSIntExit) for OSIntExit
    entry.o(.ARM.Collect$$$$00000000) refers (Special) to entry7.o(.ARM.Collect$$$$00000007) for _main_init
    entry.o(.ARM.Collect$$$$00000000) refers (Special) to entry5.o(.ARM.Collect$$$$00000004) for _main_scatterload
    entry.o(.ARM.Collect$$$$00000000) refers (Special) to entry2.o(.ARM.Collect$$$$00000001) for _main_stk
    entry2.o(.ARM.Collect$$$$00000001) refers to entry2.o(.ARM.Collect$$$$00002712) for __lit__00000000
    entry2.o(.ARM.Collect$$$$00002712) refers to startup_LPC11xx.o(STACK) for __initial_sp
    entry2.o(__vectab_stack_and_reset_area) refers to startup_LPC11xx.o(STACK) for __initial_sp
    entry2.o(__vectab_stack_and_reset_area) refers to entry.o(.ARM.Collect$$$$00000000) for __main
    entry5.o(.ARM.Collect$$$$00000004) refers to init.o(.text) for __scatterload
    entry7.o(.ARM.Collect$$$$00000007) refers to main.o(i.main) for main
    init.o(.text) refers to entry5.o(.ARM.Collect$$$$00000004) for __main_after_scatterload


==============================================================================

Removing Unused input sections from the image.

    Removing startup_LPC11xx.o(HEAP), (512 bytes).
    Removing OS_Q.o(i.OSQAccept), (70 bytes).
    Removing OS_Q.o(i.OSQCreate), (144 bytes).
    Removing OS_Q.o(i.OSQDel), (216 bytes).
    Removing OS_Q.o(i.OSQFlush), (48 bytes).
    Removing OS_Q.o(i.OSQPend), (220 bytes).
    Removing OS_Q.o(i.OSQPost), (116 bytes).
    Removing OS_Q.o(i.OSQPostFront), (118 bytes).
    Removing OS_Q.o(i.OSQPostOpt), (174 bytes).
    Removing OS_Q.o(i.OSQQuery), (92 bytes).
    Removing OS_SEM.o(i.OSSemAccept), (44 bytes).
    Removing OS_SEM.o(i.OSSemCreate), (76 bytes).
    Removing OS_SEM.o(i.OSSemDel), (184 bytes).
    Removing OS_SEM.o(i.OSSemPend), (172 bytes).
    Removing OS_SEM.o(i.OSSemPost), (88 bytes).
    Removing OS_SEM.o(i.OSSemQuery), (58 bytes).
    Removing OS_TASK.o(i.OSTaskChangePrio), (360 bytes).
    Removing OS_TASK.o(i.OSTaskDelReq), (92 bytes).
    Removing OS_TASK.o(i.OSTaskQuery), (80 bytes).
    Removing OS_TASK.o(i.OSTaskResume), (140 bytes).
    Removing OS_TASK.o(i.OSTaskStkChk), (128 bytes).
    Removing OS_TASK.o(i.OSTaskSuspend), (164 bytes).
    Removing OS_TIME.o(i.OSTimeDlyHMSM), (152 bytes).
    Removing OS_TIME.o(i.OSTimeDlyResume), (128 bytes).
    Removing OS_TIME.o(i.OSTimeGet), (24 bytes).
    Removing OS_TIME.o(i.OSTimeSet), (24 bytes).
    Removing OS_CORE.o(i.OSSchedLock), (48 bytes).
    Removing OS_CORE.o(i.OSSchedUnlock), (84 bytes).
    Removing OS_CORE.o(i.OSStatInit), (64 bytes).
    Removing OS_CORE.o(i.OSVersion), (4 bytes).
    Removing OS_CORE.o(i.OS_EventTO), (80 bytes).
    Removing OS_CORE.o(i.OS_EventTaskRdy), (144 bytes).
    Removing OS_CORE.o(i.OS_EventTaskWait), (128 bytes).
    Removing OS_CORE.o(i.OS_EventWaitListInit), (14 bytes).
    Removing OS_FLAG.o(i.OSFlagAccept), (258 bytes).
    Removing OS_FLAG.o(i.OSFlagCreate), (84 bytes).
    Removing OS_FLAG.o(i.OSFlagDel), (188 bytes).
    Removing OS_FLAG.o(i.OSFlagPend), (496 bytes).
    Removing OS_FLAG.o(i.OSFlagPost), (272 bytes).
    Removing OS_FLAG.o(i.OSFlagQuery), (50 bytes).
    Removing OS_FLAG.o(i.OS_FlagBlock), (136 bytes).
    Removing OS_FLAG.o(i.OS_FlagTaskRdy), (96 bytes).
    Removing OS_MBOX.o(i.OSMboxAccept), (38 bytes).
    Removing OS_MBOX.o(i.OSMboxCreate), (76 bytes).
    Removing OS_MBOX.o(i.OSMboxDel), (184 bytes).
    Removing OS_MBOX.o(i.OSMboxPend), (196 bytes).
    Removing OS_MBOX.o(i.OSMboxPost), (88 bytes).
    Removing OS_MBOX.o(i.OSMboxPostOpt), (116 bytes).
    Removing OS_MBOX.o(i.OSMboxQuery), (58 bytes).
    Removing OS_MEM.o(i.OSMemCreate), (168 bytes).
    Removing OS_MEM.o(i.OSMemGet), (64 bytes).
    Removing OS_MEM.o(i.OSMemPut), (62 bytes).
    Removing OS_MEM.o(i.OSMemQuery), (62 bytes).
    Removing OS_MUTEX.o(i.OSMutexAccept), (124 bytes).
    Removing OS_MUTEX.o(i.OSMutexCreate), (148 bytes).
    Removing OS_MUTEX.o(i.OSMutexDel), (212 bytes).
    Removing OS_MUTEX.o(i.OSMutexPend), (416 bytes).
    Removing OS_MUTEX.o(i.OSMutexPost), (388 bytes).
    Removing OS_MUTEX.o(i.OSMutexQuery), (96 bytes).

59 unused section(s) (total 8266 bytes) removed from the image.

==============================================================================

Image Symbol Table

    Local Symbols

    Symbol Name                              Value     Ov Type        Size  Object(Section)

    RESET                                    0x00000000   Section      192  startup_LPC11xx.o(RESET)
    ../../microlib/division.c                0x00000000   Number         0  uidiv.o ABSOLUTE
    ../../microlib/init/entry.s              0x00000000   Number         0  entry.o ABSOLUTE
    ../../microlib/init/entry.s              0x00000000   Number         0  entry2.o ABSOLUTE
    ../../microlib/init/entry.s              0x00000000   Number         0  entry7.o ABSOLUTE
    ../../microlib/init/entry.s              0x00000000   Number         0  entry5.o ABSOLUTE
    ../../microlib/string/memcpy.c           0x00000000   Number         0  memcpya.o ABSOLUTE
    ../../microlib/string/memcpy.c           0x00000000   Number         0  memcpyb.o ABSOLUTE
    ../../microlib/string/memset.c           0x00000000   Number         0  memseta.o ABSOLUTE
    .\CM0\core_cm0.c                         0x00000000   Number         0  core_cm0.o ABSOLUTE
    .\LPC11xx\startup\startup_LPC11xx.s      0x00000000   Number         0  startup_LPC11xx.o ABSOLUTE
    .\LPC11xx\system_LPC11xx.c               0x00000000   Number         0  system_LPC11xx.o ABSOLUTE
    .\USER_CODE\main.c                       0x00000000   Number         0  main.o ABSOLUTE
    .\\uCOSII\\cpu\\Os_cpu_c.c               0x00000000   Number         0  Os_cpu_c.o ABSOLUTE
    .\uCOSII\OS_CORE.C                       0x00000000   Number         0  OS_CORE.o ABSOLUTE
    .\uCOSII\OS_FLAG.C                       0x00000000   Number         0  OS_FLAG.o ABSOLUTE
    .\uCOSII\OS_MBOX.C                       0x00000000   Number         0  OS_MBOX.o ABSOLUTE
    .\uCOSII\OS_MEM.C                        0x00000000   Number         0  OS_MEM.o ABSOLUTE
    .\uCOSII\OS_MUTEX.C                      0x00000000   Number         0  OS_MUTEX.o ABSOLUTE
    .\uCOSII\OS_Q.C                          0x00000000   Number         0  OS_Q.o ABSOLUTE
    .\uCOSII\OS_SEM.C                        0x00000000   Number         0  OS_SEM.o ABSOLUTE
    .\uCOSII\OS_TASK.C                       0x00000000   Number         0  OS_TASK.o ABSOLUTE
    .\uCOSII\OS_TIME.C                       0x00000000   Number         0  OS_TIME.o ABSOLUTE
    .\uCOSII\cpu\Os_cpu_c.c                  0x00000000   Number         0  Os_cpu_c.o ABSOLUTE
    dc.s                                     0x00000000   Number         0  dc.o ABSOLUTE
    handlers.s                               0x00000000   Number         0  handlers.o ABSOLUTE
    init.s                                   0x00000000   Number         0  init.o ABSOLUTE
    .ARM.Collect$$$$00000000                 0x000000c0   Section        0  entry.o(.ARM.Collect$$$$00000000)
    .ARM.Collect$$$$00000001                 0x000000c0   Section        4  entry2.o(.ARM.Collect$$$$00000001)
    .ARM.Collect$$$$00000004                 0x000000c4   Section        4  entry5.o(.ARM.Collect$$$$00000004)
    .ARM.Collect$$$$00000007                 0x000000c8   Section        8  entry7.o(.ARM.Collect$$$$00000007)
    .ARM.Collect$$$$00002712                 0x000000d0   Section        4  entry2.o(.ARM.Collect$$$$00002712)
    __lit__00000000                          0x000000d0   Data           4  entry2.o(.ARM.Collect$$$$00002712)
    .emb_text                                0x000000d4   Section      204  Os_cpu_c.o(.emb_text)
    .text                                    0x000001a0   Section       28  startup_LPC11xx.o(.text)
    .text                                    0x000001bc   Section        0  uidiv.o(.text)
    .text                                    0x000001e8   Section        0  memseta.o(.text)
    .text                                    0x00000210   Section       36  init.o(.text)
    i.NVIC_EnableIRQ                         0x00000234   Section        0  Os_cpu_c.o(i.NVIC_EnableIRQ)
    NVIC_EnableIRQ                           0x00000235   Thumb Code    14  Os_cpu_c.o(i.NVIC_EnableIRQ)
    i.NVIC_SetPriority                       0x00000248   Section        0  Os_cpu_c.o(i.NVIC_SetPriority)
    NVIC_SetPriority                         0x00000249   Thumb Code   110  Os_cpu_c.o(i.NVIC_SetPriority)
    i.OSInit                                 0x000002c0   Section        0  OS_CORE.o(i.OSInit)
    i.OSInitHookBegin                        0x000002f0   Section        0  Os_cpu_c.o(i.OSInitHookBegin)
    i.OSInitHookEnd                          0x000002f2   Section        0  Os_cpu_c.o(i.OSInitHookEnd)
    i.OSTCBInitHook                          0x000002f4   Section        0  Os_cpu_c.o(i.OSTCBInitHook)
    i.OSTaskCreateHook                       0x000002f8   Section        0  Os_cpu_c.o(i.OSTaskCreateHook)
    .ARM.__at_0x02FC                         0x000002fc   Section        4  startup_LPC11xx.o(.ARM.__at_0x02FC)
    i.OSIntCtxSw                             0x00000300   Section        0  Os_cpu_c.o(i.OSIntCtxSw)
    i.OSIntEnter                             0x00000310   Section        0  OS_CORE.o(i.OSIntEnter)
    i.OSIntExit                              0x00000334   Section        0  OS_CORE.o(i.OSIntExit)
    i.OSStart                                0x000003e8   Section        0  OS_CORE.o(i.OSStart)
    i.OSStartHighRdy                         0x00000454   Section        0  Os_cpu_c.o(i.OSStartHighRdy)
    i.OSTaskCreate                           0x0000049c   Section        0  OS_TASK.o(i.OSTaskCreate)
    i.OSTaskCreateExt                        0x0000053c   Section        0  OS_TASK.o(i.OSTaskCreateExt)
    i.OSTaskDel                              0x000005f0   Section        0  OS_TASK.o(i.OSTaskDel)
    i.OSTaskDelHook                          0x00000744   Section        0  Os_cpu_c.o(i.OSTaskDelHook)
    i.OSTaskIdleHook                         0x00000748   Section        0  Os_cpu_c.o(i.OSTaskIdleHook)
    i.OSTaskStatHook                         0x0000074a   Section        0  Os_cpu_c.o(i.OSTaskStatHook)
    i.OSTaskStkInit                          0x0000074c   Section        0  Os_cpu_c.o(i.OSTaskStkInit)
    i.OSTaskSwHook                           0x000007c8   Section        0  Os_cpu_c.o(i.OSTaskSwHook)
    i.OSTimeDly                              0x000007cc   Section        0  OS_TIME.o(i.OSTimeDly)
    i.OSTimeTick                             0x0000082c   Section        0  OS_CORE.o(i.OSTimeTick)
    i.OSTimeTickHook                         0x000008c0   Section        0  Os_cpu_c.o(i.OSTimeTickHook)
    i.OS_Dummy                               0x000008c2   Section        0  OS_CORE.o(i.OS_Dummy)
    i.OS_ENTER_CRITICAL                      0x000008c4   Section        0  Os_cpu_c.o(i.OS_ENTER_CRITICAL)
    i.OS_EXIT_CRITICAL                       0x000008d8   Section        0  Os_cpu_c.o(i.OS_EXIT_CRITICAL)
    i.OS_FlagInit                            0x000008fc   Section        0  OS_FLAG.o(i.OS_FlagInit)
    i.OS_FlagUnlink                          0x00000930   Section        0  OS_FLAG.o(i.OS_FlagUnlink)
    i.OS_InitEventList                       0x0000095c   Section        0  OS_CORE.o(i.OS_InitEventList)
    OS_InitEventList                         0x0000095d   Thumb Code    44  OS_CORE.o(i.OS_InitEventList)
    i.OS_InitMisc                            0x00000990   Section        0  OS_CORE.o(i.OS_InitMisc)
    OS_InitMisc                              0x00000991   Thumb Code    44  OS_CORE.o(i.OS_InitMisc)
    i.OS_InitRdyList                         0x000009e4   Section        0  OS_CORE.o(i.OS_InitRdyList)
    OS_InitRdyList                           0x000009e5   Thumb Code    46  OS_CORE.o(i.OS_InitRdyList)
    i.OS_InitTCBList                         0x00000a2c   Section        0  OS_CORE.o(i.OS_InitTCBList)
    OS_InitTCBList                           0x00000a2d   Thumb Code    64  OS_CORE.o(i.OS_InitTCBList)
    i.OS_InitTaskIdle                        0x00000a7c   Section        0  OS_CORE.o(i.OS_InitTaskIdle)
    OS_InitTaskIdle                          0x00000a7d   Thumb Code    40  OS_CORE.o(i.OS_InitTaskIdle)
    i.OS_InitTaskStat                        0x00000ab0   Section        0  OS_CORE.o(i.OS_InitTaskStat)
    OS_InitTaskStat                          0x00000ab1   Thumb Code    38  OS_CORE.o(i.OS_InitTaskStat)
    i.OS_MemInit                             0x00000ae8   Section        0  OS_MEM.o(i.OS_MemInit)
    i.OS_QInit                               0x00000b2c   Section        0  OS_Q.o(i.OS_QInit)
    i.OS_Sched                               0x00000b5c   Section        0  OS_CORE.o(i.OS_Sched)
    i.OS_TCBInit                             0x00000be0   Section        0  OS_CORE.o(i.OS_TCBInit)
    i.OS_TaskIdle                            0x00000cd4   Section        0  OS_CORE.o(i.OS_TaskIdle)
    i.OS_TaskStat                            0x00000cf4   Section        0  OS_CORE.o(i.OS_TaskStat)
    i.SysTick_Handler                        0x00000d88   Section        0  Os_cpu_c.o(i.SysTick_Handler)
    i.SystemFrequencyUpdate                  0x00000d98   Section        0  system_LPC11xx.o(i.SystemFrequencyUpdate)
    i.SystemInit                             0x00000f6c   Section        0  system_LPC11xx.o(i.SystemInit)
    i.__ARM_common_switch8                   0x00001014   Section        0  system_LPC11xx.o(i.__ARM_common_switch8)
    i.__scatterload_copy                     0x00001030   Section       14  handlers.o(i.__scatterload_copy)
    i.__scatterload_null                     0x0000103e   Section        2  handlers.o(i.__scatterload_null)
    i.__scatterload_zeroinit                 0x00001040   Section       14  handlers.o(i.__scatterload_zeroinit)
    i.main                                   0x00001050   Section        0  main.o(i.main)
    i.mainTask                               0x00001078   Section        0  main.o(i.mainTask)
    .constdata                               0x000010c4   Section      264  OS_CORE.o(.constdata)
    .data                                    0x10000000   Section        4  system_LPC11xx.o(.data)
    .data                                    0x10000004   Section       68  OS_CORE.o(.data)
    .data                                    0x10000048   Section        4  Os_cpu_c.o(.data)
    .bss                                     0x1000004c   Section      512  main.o(.bss)
    stkMainTask                              0x1000004c   Data         512  main.o(.bss)
    .bss                                     0x1000024c   Section     1640  OS_CORE.o(.bss)
    STACK                                    0x100008b8   Section      512  startup_LPC11xx.o(STACK)

    Global Symbols

    Symbol Name                              Value     Ov Type        Size  Object(Section)

    BuildAttributes$$THM_ISAv3M$S$PE$A:L22$X:L11$S22$IEEE1$IW$USESV6$~STKCKD$USESV7$~SHL$OSPACE$EBA8$MICROLIB$REQ8$PRES8$EABIv2 0x00000000   Number         0  anon$$obj.o ABSOLUTE
    __ARM_use_no_argv                        0x00000000   Number         0  main.o ABSOLUTE
    __Vectors                                0x00000000   Data           4  startup_LPC11xx.o(RESET)
    __decompress                              - Undefined Weak Reference
    __main                                   0x000000c1   Thumb Code     0  entry.o(.ARM.Collect$$$$00000000)
    _main_stk                                0x000000c1   Thumb Code     0  entry2.o(.ARM.Collect$$$$00000001)
    _main_scatterload                        0x000000c5   Thumb Code     0  entry5.o(.ARM.Collect$$$$00000004)
    __main_after_scatterload                 0x000000c9   Thumb Code     0  entry5.o(.ARM.Collect$$$$00000004)
    _main_init                               0x000000c9   Thumb Code     0  entry7.o(.ARM.Collect$$$$00000007)
    __OSStartHighRdy                         0x000000d5   Thumb Code    64  Os_cpu_c.o(.emb_text)
    PendSV_Handler                           0x00000125   Thumb Code    80  Os_cpu_c.o(.emb_text)
    changeToSYSMode                          0x00000189   Thumb Code     8  Os_cpu_c.o(.emb_text)
    changeToUSRMode                          0x00000191   Thumb Code     8  Os_cpu_c.o(.emb_text)
    taskEntry                                0x00000199   Thumb Code     8  Os_cpu_c.o(.emb_text)
    Reset_Handler                            0x000001a1   Thumb Code     4  startup_LPC11xx.o(.text)
    NMI_Handler                              0x000001a5   Thumb Code     2  startup_LPC11xx.o(.text)
    HardFault_Handler                        0x000001a7   Thumb Code     2  startup_LPC11xx.o(.text)
    MemManage_Handler                        0x000001a9   Thumb Code     2  startup_LPC11xx.o(.text)
    BusFault_Handler                         0x000001ab   Thumb Code     2  startup_LPC11xx.o(.text)
    UsageFault_Handler                       0x000001ad   Thumb Code     2  startup_LPC11xx.o(.text)
    SVC_Handler                              0x000001af   Thumb Code     2  startup_LPC11xx.o(.text)
    DebugMon_Handler                         0x000001b1   Thumb Code     2  startup_LPC11xx.o(.text)
    ADC_IRQHandler                           0x000001b7   Thumb Code     0  startup_LPC11xx.o(.text)
    BOD_IRQHandler                           0x000001b7   Thumb Code     0  startup_LPC11xx.o(.text)
    CAN_IRQHandler                           0x000001b7   Thumb Code     0  startup_LPC11xx.o(.text)
    FMC_IRQHandler                           0x000001b7   Thumb Code     0  startup_LPC11xx.o(.text)
    I2C_IRQHandler                           0x000001b7   Thumb Code     0  startup_LPC11xx.o(.text)
    PIOINT0_IRQHandler                       0x000001b7   Thumb Code     0  startup_LPC11xx.o(.text)
    PIOINT1_IRQHandler                       0x000001b7   Thumb Code     0  startup_LPC11xx.o(.text)
    PIOINT2_IRQHandler                       0x000001b7   Thumb Code     0  startup_LPC11xx.o(.text)
    PIOINT3_IRQHandler                       0x000001b7   Thumb Code     0  startup_LPC11xx.o(.text)
    SSP0_IRQHandler                          0x000001b7   Thumb Code     0  startup_LPC11xx.o(.text)
    SSP1_IRQHandler                          0x000001b7   Thumb Code     0  startup_LPC11xx.o(.text)
    TIMER16_0_IRQHandler                     0x000001b7   Thumb Code     0  startup_LPC11xx.o(.text)
    TIMER16_1_IRQHandler                     0x000001b7   Thumb Code     0  startup_LPC11xx.o(.text)
    TIMER32_0_IRQHandler                     0x000001b7   Thumb Code     0  startup_LPC11xx.o(.text)
    TIMER32_1_IRQHandler                     0x000001b7   Thumb Code     0  startup_LPC11xx.o(.text)
    UART_IRQHandler                          0x000001b7   Thumb Code     0  startup_LPC11xx.o(.text)
    USB_FIQHandler                           0x000001b7   Thumb Code     0  startup_LPC11xx.o(.text)
    USB_IRQHandler                           0x000001b7   Thumb Code     0  startup_LPC11xx.o(.text)
    WAKEUP_IRQHandler                        0x000001b7   Thumb Code     0  startup_LPC11xx.o(.text)
    WDT_IRQHandler                           0x000001b7   Thumb Code     0  startup_LPC11xx.o(.text)
    __aeabi_uidiv                            0x000001bd   Thumb Code     0  uidiv.o(.text)
    __aeabi_uidivmod                         0x000001bd   Thumb Code    44  uidiv.o(.text)
    __aeabi_memset                           0x000001e9   Thumb Code    14  memseta.o(.text)
    __aeabi_memset4                          0x000001e9   Thumb Code     0  memseta.o(.text)
    __aeabi_memset8                          0x000001e9   Thumb Code     0  memseta.o(.text)
    __aeabi_memclr                           0x000001f7   Thumb Code     4  memseta.o(.text)
    __aeabi_memclr4                          0x000001f7   Thumb Code     0  memseta.o(.text)
    __aeabi_memclr8                          0x000001f7   Thumb Code     0  memseta.o(.text)
    _memset$wrapper                          0x000001fb   Thumb Code    20  memseta.o(.text)
    __scatterload                            0x00000211   Thumb Code    28  init.o(.text)
    __scatterload_rt2                        0x00000211   Thumb Code     0  init.o(.text)
    OSInit                                   0x000002c1   Thumb Code    48  OS_CORE.o(i.OSInit)
    OSInitHookBegin                          0x000002f1   Thumb Code     2  Os_cpu_c.o(i.OSInitHookBegin)
    OSInitHookEnd                            0x000002f3   Thumb Code     2  Os_cpu_c.o(i.OSInitHookEnd)
    OSTCBInitHook                            0x000002f5   Thumb Code     4  Os_cpu_c.o(i.OSTCBInitHook)
    OSTaskCreateHook                         0x000002f9   Thumb Code     4  Os_cpu_c.o(i.OSTaskCreateHook)
    OSIntCtxSw                               0x00000301   Thumb Code     8  Os_cpu_c.o(i.OSIntCtxSw)
    OSIntEnter                               0x00000311   Thumb Code    28  OS_CORE.o(i.OSIntEnter)
    OSIntExit                                0x00000335   Thumb Code   130  OS_CORE.o(i.OSIntExit)
    OSStart                                  0x000003e9   Thumb Code    70  OS_CORE.o(i.OSStart)
    OSStartHighRdy                           0x00000455   Thumb Code    62  Os_cpu_c.o(i.OSStartHighRdy)
    OSTaskCreate                             0x0000049d   Thumb Code   146  OS_TASK.o(i.OSTaskCreate)
    OSTaskCreateExt                          0x0000053d   Thumb Code   166  OS_TASK.o(i.OSTaskCreateExt)
    OSTaskDel                                0x000005f1   Thumb Code   304  OS_TASK.o(i.OSTaskDel)
    OSTaskDelHook                            0x00000745   Thumb Code     4  Os_cpu_c.o(i.OSTaskDelHook)
    OSTaskIdleHook                           0x00000749   Thumb Code     2  Os_cpu_c.o(i.OSTaskIdleHook)
    OSTaskStatHook                           0x0000074b   Thumb Code     2  Os_cpu_c.o(i.OSTaskStatHook)
    OSTaskStkInit                            0x0000074d   Thumb Code   116  Os_cpu_c.o(i.OSTaskStkInit)
    OSTaskSwHook                             0x000007c9   Thumb Code     2  Os_cpu_c.o(i.OSTaskSwHook)
    OSTimeDly                                0x000007cd   Thumb Code    84  OS_TIME.o(i.OSTimeDly)
    OSTimeTick                               0x0000082d   Thumb Code   128  OS_CORE.o(i.OSTimeTick)
    OSTimeTickHook                           0x000008c1   Thumb Code     2  Os_cpu_c.o(i.OSTimeTickHook)
    OS_Dummy                                 0x000008c3   Thumb Code     2  OS_CORE.o(i.OS_Dummy)
    OS_ENTER_CRITICAL                        0x000008c5   Thumb Code    14  Os_cpu_c.o(i.OS_ENTER_CRITICAL)
    OS_EXIT_CRITICAL                         0x000008d9   Thumb Code    30  Os_cpu_c.o(i.OS_EXIT_CRITICAL)
    OS_FlagInit                              0x000008fd   Thumb Code    42  OS_FLAG.o(i.OS_FlagInit)
    OS_FlagUnlink                            0x00000931   Thumb Code    42  OS_FLAG.o(i.OS_FlagUnlink)
    OS_MemInit                               0x00000ae9   Thumb Code    58  OS_MEM.o(i.OS_MemInit)
    OS_QInit                                 0x00000b2d   Thumb Code    38  OS_Q.o(i.OS_QInit)
    OS_Sched                                 0x00000b5d   Thumb Code    92  OS_CORE.o(i.OS_Sched)
    OS_TCBInit                               0x00000be1   Thumb Code   220  OS_CORE.o(i.OS_TCBInit)
    OS_TaskIdle                              0x00000cd5   Thumb Code    28  OS_CORE.o(i.OS_TaskIdle)
    OS_TaskStat                              0x00000cf5   Thumb Code   126  OS_CORE.o(i.OS_TaskStat)
    SysTick_Handler                          0x00000d89   Thumb Code    16  Os_cpu_c.o(i.SysTick_Handler)
    SystemFrequencyUpdate                    0x00000d99   Thumb Code   386  system_LPC11xx.o(i.SystemFrequencyUpdate)
    SystemInit                               0x00000f6d   Thumb Code   146  system_LPC11xx.o(i.SystemInit)
    __ARM_common_switch8                     0x00001015   Thumb Code    28  system_LPC11xx.o(i.__ARM_common_switch8)
    __scatterload_copy                       0x00001031   Thumb Code    14  handlers.o(i.__scatterload_copy)
    __scatterload_null                       0x0000103f   Thumb Code     2  handlers.o(i.__scatterload_null)
    __scatterload_zeroinit                   0x00001041   Thumb Code    14  handlers.o(i.__scatterload_zeroinit)
    main                                     0x00001051   Thumb Code    30  main.o(i.main)
    mainTask                                 0x00001079   Thumb Code    66  main.o(i.mainTask)
    OSMapTbl                                 0x000010c4   Data           8  OS_CORE.o(.constdata)
    OSUnMapTbl                               0x000010cc   Data         256  OS_CORE.o(.constdata)
    Region$$Table$$Base                      0x000011cc   Number         0  anon$$obj.o(Region$$Table)
    Region$$Table$$Limit                     0x000011ec   Number         0  anon$$obj.o(Region$$Table)
    SystemFrequency                          0x10000000   Data           4  system_LPC11xx.o(.data)
    OSCtxSwCtr                               0x10000004   Data           4  OS_CORE.o(.data)
    OSEventFreeList                          0x10000008   Data           4  OS_CORE.o(.data)
    OSFlagFreeList                           0x1000000c   Data           4  OS_CORE.o(.data)
    OSCPUUsage                               0x10000010   Data           1  OS_CORE.o(.data)
    OSIdleCtrMax                             0x10000014   Data           4  OS_CORE.o(.data)
    OSIdleCtrRun                             0x10000018   Data           4  OS_CORE.o(.data)
    OSStatRdy                                0x1000001c   Data           1  OS_CORE.o(.data)
    OSIntNesting                             0x1000001d   Data           1  OS_CORE.o(.data)
    OSIntExitY                               0x1000001e   Data           1  OS_CORE.o(.data)
    OSLockNesting                            0x1000001f   Data           1  OS_CORE.o(.data)
    OSPrioCur                                0x10000020   Data           1  OS_CORE.o(.data)
    OSPrioHighRdy                            0x10000021   Data           1  OS_CORE.o(.data)
    OSRdyGrp                                 0x10000022   Data           1  OS_CORE.o(.data)
    OSRdyTbl                                 0x10000023   Data           1  OS_CORE.o(.data)
    OSRunning                                0x10000024   Data           1  OS_CORE.o(.data)
    OSTaskCtr                                0x10000025   Data           1  OS_CORE.o(.data)
    OSIdleCtr                                0x10000028   Data           4  OS_CORE.o(.data)
    OSTCBCur                                 0x1000002c   Data           4  OS_CORE.o(.data)
    OSTCBFreeList                            0x10000030   Data           4  OS_CORE.o(.data)
    OSTCBHighRdy                             0x10000034   Data           4  OS_CORE.o(.data)
    OSTCBList                                0x10000038   Data           4  OS_CORE.o(.data)
    OSMemFreeList                            0x1000003c   Data           4  OS_CORE.o(.data)
    OSQFreeList                              0x10000040   Data           4  OS_CORE.o(.data)
    OSTime                                   0x10000044   Data           4  OS_CORE.o(.data)
    __GuiOsEnterSum                          0x10000048   Data           4  Os_cpu_c.o(.data)
    OSEventTbl                               0x1000024c   Data         240  OS_CORE.o(.bss)
    OSFlagTbl                                0x1000033c   Data          48  OS_CORE.o(.bss)
    OSTaskStatStk                            0x1000036c   Data         512  OS_CORE.o(.bss)
    OSTaskIdleStk                            0x1000056c   Data         256  OS_CORE.o(.bss)
    OSTCBPrioTbl                             0x1000066c   Data          32  OS_CORE.o(.bss)
    OSTCBTbl                                 0x1000068c   Data         416  OS_CORE.o(.bss)
    OSMemTbl                                 0x1000082c   Data          40  OS_CORE.o(.bss)
    OSQTbl                                   0x10000854   Data          96  OS_CORE.o(.bss)
    __initial_sp                             0x10000ab8   Data           0  startup_LPC11xx.o(STACK)



==============================================================================

Memory Map of the image

  Image Entry point : 0x000000c1

  Load Region LOAD_ROM0 (Base: 0x00000000, Size: 0x00001238, Max: 0xffffffff, ABSOLUTE)

    Execution Region EXEC_ROM0 (Base: 0x00000000, Size: 0x000011ec, Max: 0x00008000, ABSOLUTE)

    Base Addr    Size         Type   Attr      Idx    E Section Name        Object

    0x00000000   0x000000c0   Data   RO           41    RESET               startup_LPC11xx.o
    0x000000c0   0x00000000   Code   RO          767  * .ARM.Collect$$$$00000000  mc_p.l(entry.o)
    0x000000c0   0x00000004   Code   RO          778    .ARM.Collect$$$$00000001  mc_p.l(entry2.o)
    0x000000c4   0x00000004   Code   RO          781    .ARM.Collect$$$$00000004  mc_p.l(entry5.o)
    0x000000c8   0x00000008   Code   RO          782    .ARM.Collect$$$$00000007  mc_p.l(entry7.o)
    0x000000d0   0x00000004   Code   RO          779    .ARM.Collect$$$$00002712  mc_p.l(entry2.o)
    0x000000d4   0x000000cc   Code   RO          649    .emb_text           Os_cpu_c.o
    0x000001a0   0x0000001c   Code   RO           43    .text               startup_LPC11xx.o
    0x000001bc   0x0000002c   Code   RO          770    .text               mc_p.l(uidiv.o)
    0x000001e8   0x00000026   Code   RO          774    .text               mc_p.l(memseta.o)
    0x0000020e   0x00000002   PAD
    0x00000210   0x00000024   Code   RO          783    .text               mc_p.l(init.o)
    0x00000234   0x00000014   Code   RO          650    i.NVIC_EnableIRQ    Os_cpu_c.o
    0x00000248   0x00000078   Code   RO          651    i.NVIC_SetPriority  Os_cpu_c.o
    0x000002c0   0x00000030   Code   RO          305    i.OSInit            OS_CORE.o
    0x000002f0   0x00000002   Code   RO          652    i.OSInitHookBegin   Os_cpu_c.o
    0x000002f2   0x00000002   Code   RO          653    i.OSInitHookEnd     Os_cpu_c.o
    0x000002f4   0x00000004   Code   RO          656    i.OSTCBInitHook     Os_cpu_c.o
    0x000002f8   0x00000004   Code   RO          657    i.OSTaskCreateHook  Os_cpu_c.o
    0x000002fc   0x00000004   Code   RO           42    .ARM.__at_0x02FC    startup_LPC11xx.o
    0x00000300   0x00000010   Code   RO          654    i.OSIntCtxSw        Os_cpu_c.o
    0x00000310   0x00000024   Code   RO          306    i.OSIntEnter        OS_CORE.o
    0x00000334   0x000000b4   Code   RO          307    i.OSIntExit         OS_CORE.o
    0x000003e8   0x0000006c   Code   RO          310    i.OSStart           OS_CORE.o
    0x00000454   0x00000048   Code   RO          655    i.OSStartHighRdy    Os_cpu_c.o
    0x0000049c   0x000000a0   Code   RO          210    i.OSTaskCreate      OS_TASK.o
    0x0000053c   0x000000b4   Code   RO          211    i.OSTaskCreateExt   OS_TASK.o
    0x000005f0   0x00000154   Code   RO          212    i.OSTaskDel         OS_TASK.o
    0x00000744   0x00000004   Code   RO          658    i.OSTaskDelHook     Os_cpu_c.o
    0x00000748   0x00000002   Code   RO          659    i.OSTaskIdleHook    Os_cpu_c.o
    0x0000074a   0x00000002   Code   RO          660    i.OSTaskStatHook    Os_cpu_c.o
    0x0000074c   0x0000007c   Code   RO          661    i.OSTaskStkInit     Os_cpu_c.o
    0x000007c8   0x00000002   Code   RO          662    i.OSTaskSwHook      Os_cpu_c.o
    0x000007ca   0x00000002   PAD
    0x000007cc   0x00000060   Code   RO          269    i.OSTimeDly         OS_TIME.o
    0x0000082c   0x00000094   Code   RO          312    i.OSTimeTick        OS_CORE.o
    0x000008c0   0x00000002   Code   RO          663    i.OSTimeTickHook    Os_cpu_c.o
    0x000008c2   0x00000002   Code   RO          314    i.OS_Dummy          OS_CORE.o
    0x000008c4   0x00000014   Code   RO          664    i.OS_ENTER_CRITICAL  Os_cpu_c.o
    0x000008d8   0x00000024   Code   RO          665    i.OS_EXIT_CRITICAL  Os_cpu_c.o
    0x000008fc   0x00000034   Code   RO          463    i.OS_FlagInit       OS_FLAG.o
    0x00000930   0x0000002a   Code   RO          465    i.OS_FlagUnlink     OS_FLAG.o
    0x0000095a   0x00000002   PAD
    0x0000095c   0x00000034   Code   RO          319    i.OS_InitEventList  OS_CORE.o
    0x00000990   0x00000054   Code   RO          320    i.OS_InitMisc       OS_CORE.o
    0x000009e4   0x00000048   Code   RO          321    i.OS_InitRdyList    OS_CORE.o
    0x00000a2c   0x00000050   Code   RO          322    i.OS_InitTCBList    OS_CORE.o
    0x00000a7c   0x00000034   Code   RO          323    i.OS_InitTaskIdle   OS_CORE.o
    0x00000ab0   0x00000038   Code   RO          324    i.OS_InitTaskStat   OS_CORE.o
    0x00000ae8   0x00000044   Code   RO          575    i.OS_MemInit        OS_MEM.o
    0x00000b2c   0x00000030   Code   RO           98    i.OS_QInit          OS_Q.o
    0x00000b5c   0x00000084   Code   RO          325    i.OS_Sched          OS_CORE.o
    0x00000be0   0x000000f4   Code   RO          326    i.OS_TCBInit        OS_CORE.o
    0x00000cd4   0x00000020   Code   RO          327    i.OS_TaskIdle       OS_CORE.o
    0x00000cf4   0x00000094   Code   RO          328    i.OS_TaskStat       OS_CORE.o
    0x00000d88   0x00000010   Code   RO          666    i.SysTick_Handler   Os_cpu_c.o
    0x00000d98   0x000001d4   Code   RO            1    i.SystemFrequencyUpdate  system_LPC11xx.o
    0x00000f6c   0x000000a8   Code   RO            2    i.SystemInit        system_LPC11xx.o
    0x00001014   0x0000001c   Code   RO           37    i.__ARM_common_switch8  system_LPC11xx.o
    0x00001030   0x0000000e   Code   RO          787    i.__scatterload_copy  mc_p.l(handlers.o)
    0x0000103e   0x00000002   Code   RO          788    i.__scatterload_null  mc_p.l(handlers.o)
    0x00001040   0x0000000e   Code   RO          789    i.__scatterload_zeroinit  mc_p.l(handlers.o)
    0x0000104e   0x00000002   PAD
    0x00001050   0x00000028   Code   RO           56    i.main              main.o
    0x00001078   0x0000004c   Code   RO           57    i.mainTask          main.o
    0x000010c4   0x00000108   Data   RO          330    .constdata          OS_CORE.o
    0x000011cc   0x00000020   Data   RO          785    Region$$Table       anon$$obj.o


    Execution Region DATA_RAM0 (Base: 0x10000000, Size: 0x00000ab8, Max: 0x00002000, ABSOLUTE)

    Base Addr    Size         Type   Attr      Idx    E Section Name        Object

    0x10000000   0x00000004   Data   RW            3    .data               system_LPC11xx.o
    0x10000004   0x00000044   Data   RW          331    .data               OS_CORE.o
    0x10000048   0x00000004   Data   RW          667    .data               Os_cpu_c.o
    0x1000004c   0x00000200   Zero   RW           58    .bss                main.o
    0x1000024c   0x00000668   Zero   RW          329    .bss                OS_CORE.o
    0x100008b4   0x00000004   PAD
    0x100008b8   0x00000200   Zero   RW           39    STACK               startup_LPC11xx.o


==============================================================================

Image component sizes


      Code (inc. data)   RO Data    RW Data    ZI Data      Debug   Object Name

      1474        326        264         68       1640      13179   OS_CORE.o
        94         10          0          0          0       1006   OS_FLAG.o
        68         10          0          0          0        409   OS_MEM.o
        48         10          0          0          0       4164   OS_Q.o
       680         64          0          0          0       3069   OS_TASK.o
        96         12          0          0          0        440   OS_TIME.o
       652         90          0          4          0      12619   Os_cpu_c.o
       116         20          0          0        512       5620   main.o
        32          8        192          0        512        932   startup_LPC11xx.o
       664        122          0          4          0      13871   system_LPC11xx.o

    ----------------------------------------------------------------------
      3928        672        488         76       2668      55309   Object Totals
         0          0         32          0          0          0   (incl. Generated)
         4          0          0          0          4          3   (incl. Padding)

    ----------------------------------------------------------------------

      Code (inc. data)   RO Data    RW Data    ZI Data      Debug   Library Member Name

         0          0          0          0          0          0   entry.o
         8          4          0          0          0          0   entry2.o
         4          0          0          0          0          0   entry5.o
         8          4          0          0          0          0   entry7.o
        30          0          0          0          0          0   handlers.o
        36          8          0          0          0         68   init.o
        38          0          0          0          0        100   memseta.o
        44          0          0          0          0         72   uidiv.o

    ----------------------------------------------------------------------
       172         16          0          0          0        240   Library Totals
         4          0          0          0          0          0   (incl. Padding)

    ----------------------------------------------------------------------

      Code (inc. data)   RO Data    RW Data    ZI Data      Debug   Library Name

       168         16          0          0          0        240   mc_p.l

    ----------------------------------------------------------------------
       172         16          0          0          0        240   Library Totals

    ----------------------------------------------------------------------

==============================================================================


      Code (inc. data)   RO Data    RW Data    ZI Data      Debug   

      4100        688        488         76       2668      53952   Grand Totals
      4100        688        488         76       2668      53952   ELF Image Totals
      4100        688        488         76          0          0   ROM Totals

==============================================================================

    Total RO  Size (Code + RO Data)                 4588 (   4.48kB)
    Total RW  Size (RW Data + ZI Data)              2744 (   2.68kB)
    Total ROM Size (Code + RO Data + RW Data)       4664 (   4.55kB)

==============================================================================

